// Jest Snapshot v1, https://goo.gl/fbAQLP

exports[`IconButton should render 1`] = `
<body>
  <div>
    <button
      class="icon-button icon-button-primary"
      type="button"
    >
      icon
    </button>
  </div>
</body>
`;
