// Jest Snapshot v1, https://goo.gl/fbAQLP

exports[`Input should render 1`] = `
<body>
  <div>
    <div
      class="w-full flex flex-col"
    >
      <input
        class="py-1.5 px-3 w-full text-sm text-zinc-900 rounded-md border bg-zinc-50 border-zinc-300 focus:border-sky-400 focus:ring-sky-400 dark:focus:ring-sky-500 focus:outline-0 dark:border-zinc-500 dark:text-zinc-100 dark:bg-zinc-900"
        placeholder="Input"
        type="text"
        value="value"
      />
    </div>
  </div>
</body>
`;
