// Jest Snapshot v1, https://goo.gl/fbAQLP

exports[`Select should render 1`] = `
<body>
  <div>
    <div>
      <select
        class="w-full text-zinc-900 rounded-md border bg-zinc-50 border-zinc-300 px-3 pr-9 py-1.5 text-sm focus:ring-emerald-500 focus:outline-0 dark:text-zinc-100 dark:bg-zinc-900 dark:border-zinc-500"
        data-testid="select"
      >
        <option>
          option one
        </option>
        <option>
          option two
        </option>
      </select>
    </div>
  </div>
</body>
`;
